/home/user/thehonesttorus.github.io/notes/frontier/F1/../F1/est_F1_final.py:815: FlopscopeWarning: stats.norm.pdf promoted its float32 input to float64 to match scipy.stats. If float64 output was not intended, cast the result back with result.astype(np.float32) before downstream operations; float64 operations are billed at twice the float32 dtype rate.
  flops.stats.norm.pdf(v)
/home/user/thehonesttorus.github.io/notes/frontier/F1/../F1/est_F1_final.py:816: FlopscopeWarning: stats.norm.cdf promoted its float32 input to float64 to match scipy.stats. If float64 output was not intended, cast the result back with result.astype(np.float32) before downstream operations; float64 operations are billed at twice the float32 dtype rate.
  flops.stats.norm.cdf(v)
/home/user/thehonesttorus.github.io/notes/frontier/F1/../F1/est_F1_final.py:830: SymmetryLossWarning: Symmetry lost along dims (1, 2): slicing removed all symmetric dim groups. Use as_symmetric() to re-tag if you know the result is symmetric. Suppress with flops.configure(symmetry_warnings=False).
  fnp.einsum("tij,ti,tj,tg->gij", t3, t3[:, :, 0], t3[:, 0, :], g3)
/home/user/thehonesttorus.github.io/notes/frontier/F1/../F1/est_F1_final.py:831: SymmetryLossWarning: Symmetry lost along dims (1, 2): slicing removed all symmetric dim groups. Use as_symmetric() to re-tag if you know the result is symmetric. Suppress with flops.configure(symmetry_warnings=False).
  fnp.einsum("ti,ti,tg->gi", t3[:, :, 0], t3[:, :, 1], g3)
/home/user/thehonesttorus.github.io/notes/frontier/F1/../F1/est_F1_final.py:832: SymmetryLossWarning: Symmetry lost along dims (0, 1): slicing removed all symmetric dim groups. Use as_symmetric() to re-tag if you know the result is symmetric. Suppress with flops.configure(symmetry_warnings=False).
  fnp.einsum("iq,kqn->kin", m[:, :16], t3[:, :16, :])
/home/user/thehonesttorus.github.io/notes/frontier/F1/../F1/est_F1_final.py:832: SymmetryLossWarning: Symmetry lost along dims (1, 2): slicing removed all symmetric dim groups. Use as_symmetric() to re-tag if you know the result is symmetric. Suppress with flops.configure(symmetry_warnings=False).
  fnp.einsum("iq,kqn->kin", m[:, :16], t3[:, :16, :])
/home/user/thehonesttorus.github.io/notes/frontier/F1/../F1/est_F1_final.py:833: SymmetryLossWarning: Symmetry lost along dims (1, 2): slicing removed all symmetric dim groups. Use as_symmetric() to re-tag if you know the result is symmetric. Suppress with flops.configure(symmetry_warnings=False).
  fnp.einsum("ki,kc->ic", t3[:, :, 0], t3[:, :, 1])
/home/user/thehonesttorus.github.io/notes/frontier/F1/../F1/est_F1_final.py:835: SymmetryLossWarning: Symmetry lost along dims (1, 2): slicing removed all symmetric dim groups. Use as_symmetric() to re-tag if you know the result is symmetric. Suppress with flops.configure(symmetry_warnings=False).
  fnp.einsum("kij,kj->ki", t3, t3[:, 0, :])
/home/user/thehonesttorus.github.io/notes/frontier/F1/../F1/est_F1_final.py:836: SymmetryLossWarning: Symmetry lost along dims (1, 2): slicing removed all symmetric dim groups. Use as_symmetric() to re-tag if you know the result is symmetric. Suppress with flops.configure(symmetry_warnings=False).
  fnp.einsum("ki,ki->i", t3[:, :, 0], t3[:, :, 1])
/home/user/thehonesttorus.github.io/notes/frontier/F1/../F1/est_F1_final.py:837: SymmetryLossWarning: Symmetry lost along dims (1, 2): slicing removed all symmetric dim groups. Use as_symmetric() to re-tag if you know the result is symmetric. Suppress with flops.configure(symmetry_warnings=False).
  fnp.einsum("kij,kqj->iq", t3, t3[:, :16, :])
setup 0.03s
/home/user/thehonesttorus.github.io/notes/frontier/F1/../F1/est_F1_final.py:1301: FlopscopeWarning: stats.norm.pdf promoted its float32 input to float64 to match scipy.stats. If float64 output was not intended, cast the result back with result.astype(np.float32) before downstream operations; float64 operations are billed at twice the float32 dtype rate.
  phi = flops.stats.norm.pdf(alpha).astype(f32)
/home/user/thehonesttorus.github.io/notes/frontier/F1/../F1/est_F1_final.py:1302: FlopscopeWarning: stats.norm.cdf promoted its float32 input to float64 to match scipy.stats. If float64 output was not intended, cast the result back with result.astype(np.float32) before downstream operations; float64 operations are billed at twice the float32 dtype rate.
  Phi = flops.stats.norm.cdf(alpha).astype(f32)
{"mlp": 0, "ok": true, "cb": 0.24102082637818967, "mse": 6.239337671190747e-08, "raw": 1.86720291020371e-08, "adjusted": 4.5003478843305884e-09, "all_layers": 1.2661773577953334e-07, "wall": 90.30061483383179, "residual": 0.5098381519946997}
{"mlp": 1, "ok": true, "cb": 0.22071862324355607, "mse": 4.4431742738537543e-08, "raw": 1.8030015381045962e-09, "adjusted": 3.9795601719646047e-10, "all_layers": 1.1451005846305719e-07, "wall": 179.668137550354, "residual": 0.5652011270412913}
{"mlp": 2, "ok": true, "cb": 0.21750366255855624, "mse": 5.573995524011018e-08, "raw": 2.0166724020746354e-08, "adjusted": 4.386336336319946e-09, "all_layers": 1.279736987441504e-07, "wall": 158.40495610237122, "residual": 0.5452199880619446}
{"mlp": 3, "ok": true, "cb": 0.21750366255855624, "mse": 4.37738495418206e-08, "raw": 1.0723025513318742e-08, "adjusted": 2.332297322855669e-09, "all_layers": 1.1495794738879041e-07, "wall": 153.2454390525818, "residual": 0.5326873939357029}
{"mlp": 4, "ok": true, "cb": 0.21750366255855624, "mse": 6.311298580222426e-08, "raw": 2.7521901327754732e-08, "adjusted": 5.986114339361846e-09, "all_layers": 1.3162852239461153e-07, "wall": 155.71664810180664, "residual": 0.617126800956612}
{"mlp": 5, "ok": true, "cb": 0.21750366255855624, "mse": 5.4096878683459767e-08, "raw": 2.6204006889914857e-08, "adjusted": 5.699467472266124e-09, "all_layers": 1.0949489091691614e-07, "wall": 154.18878626823425, "residual": 0.6807390670692257}
SUMMARY w1024_d16: 6/6 ok, raw 1.7515e-08, C/B max 0.2410, adjusted 3.8838e-09, residual max 0.681s, wall max 179.7s
