/home/user/thehonesttorus.github.io/notes/frontier/F1/../F1/est_incj.py:812: FlopscopeWarning: stats.norm.pdf promoted its float32 input to float64 to match scipy.stats. If float64 output was not intended, cast the result back with result.astype(np.float32) before downstream operations; float64 operations are billed at twice the float32 dtype rate.
  flops.stats.norm.pdf(v)
/home/user/thehonesttorus.github.io/notes/frontier/F1/../F1/est_incj.py:813: FlopscopeWarning: stats.norm.cdf promoted its float32 input to float64 to match scipy.stats. If float64 output was not intended, cast the result back with result.astype(np.float32) before downstream operations; float64 operations are billed at twice the float32 dtype rate.
  flops.stats.norm.cdf(v)
/home/user/thehonesttorus.github.io/notes/frontier/F1/../F1/est_incj.py:827: SymmetryLossWarning: Symmetry lost along dims (1, 2): slicing removed all symmetric dim groups. Use as_symmetric() to re-tag if you know the result is symmetric. Suppress with flops.configure(symmetry_warnings=False).
  fnp.einsum("tij,ti,tj,tg->gij", t3, t3[:, :, 0], t3[:, 0, :], g3)
/home/user/thehonesttorus.github.io/notes/frontier/F1/../F1/est_incj.py:828: SymmetryLossWarning: Symmetry lost along dims (1, 2): slicing removed all symmetric dim groups. Use as_symmetric() to re-tag if you know the result is symmetric. Suppress with flops.configure(symmetry_warnings=False).
  fnp.einsum("ti,ti,tg->gi", t3[:, :, 0], t3[:, :, 1], g3)
/home/user/thehonesttorus.github.io/notes/frontier/F1/../F1/est_incj.py:829: SymmetryLossWarning: Symmetry lost along dims (0, 1): slicing removed all symmetric dim groups. Use as_symmetric() to re-tag if you know the result is symmetric. Suppress with flops.configure(symmetry_warnings=False).
  fnp.einsum("iq,kqn->kin", m[:, :16], t3[:, :16, :])
/home/user/thehonesttorus.github.io/notes/frontier/F1/../F1/est_incj.py:829: SymmetryLossWarning: Symmetry lost along dims (1, 2): slicing removed all symmetric dim groups. Use as_symmetric() to re-tag if you know the result is symmetric. Suppress with flops.configure(symmetry_warnings=False).
  fnp.einsum("iq,kqn->kin", m[:, :16], t3[:, :16, :])
/home/user/thehonesttorus.github.io/notes/frontier/F1/../F1/est_incj.py:830: SymmetryLossWarning: Symmetry lost along dims (1, 2): slicing removed all symmetric dim groups. Use as_symmetric() to re-tag if you know the result is symmetric. Suppress with flops.configure(symmetry_warnings=False).
  fnp.einsum("ki,kc->ic", t3[:, :, 0], t3[:, :, 1])
/home/user/thehonesttorus.github.io/notes/frontier/F1/../F1/est_incj.py:832: SymmetryLossWarning: Symmetry lost along dims (1, 2): slicing removed all symmetric dim groups. Use as_symmetric() to re-tag if you know the result is symmetric. Suppress with flops.configure(symmetry_warnings=False).
  fnp.einsum("kij,kj->ki", t3, t3[:, 0, :])
/home/user/thehonesttorus.github.io/notes/frontier/F1/../F1/est_incj.py:833: SymmetryLossWarning: Symmetry lost along dims (1, 2): slicing removed all symmetric dim groups. Use as_symmetric() to re-tag if you know the result is symmetric. Suppress with flops.configure(symmetry_warnings=False).
  fnp.einsum("ki,ki->i", t3[:, :, 0], t3[:, :, 1])
/home/user/thehonesttorus.github.io/notes/frontier/F1/../F1/est_incj.py:834: SymmetryLossWarning: Symmetry lost along dims (1, 2): slicing removed all symmetric dim groups. Use as_symmetric() to re-tag if you know the result is symmetric. Suppress with flops.configure(symmetry_warnings=False).
  fnp.einsum("kij,kqj->iq", t3, t3[:, :16, :])
setup 0.05s
/home/user/thehonesttorus.github.io/notes/frontier/F1/../F1/est_incj.py:1298: FlopscopeWarning: stats.norm.pdf promoted its float32 input to float64 to match scipy.stats. If float64 output was not intended, cast the result back with result.astype(np.float32) before downstream operations; float64 operations are billed at twice the float32 dtype rate.
  phi = flops.stats.norm.pdf(alpha).astype(f32)
/home/user/thehonesttorus.github.io/notes/frontier/F1/../F1/est_incj.py:1299: FlopscopeWarning: stats.norm.cdf promoted its float32 input to float64 to match scipy.stats. If float64 output was not intended, cast the result back with result.astype(np.float32) before downstream operations; float64 operations are billed at twice the float32 dtype rate.
  Phi = flops.stats.norm.cdf(alpha).astype(f32)
{"mlp": 0, "ok": true, "cb": 0.2537982846306477, "mse": 6.270646397847768e-08, "raw": 1.898511636860731e-08, "adjusted": 4.818389967865766e-09, "all_layers": 1.264369646429338e-07, "wall": 79.12730169296265, "residual": 0.4740522989866349}
{"mlp": 1, "ok": true, "cb": 0.2407076699355457, "mse": 4.54906178394894e-08, "raw": 2.8618766390564508e-09, "adjusted": 6.888756574302491e-10, "all_layers": 1.1438130502285244e-07, "wall": 107.40578198432922, "residual": 0.4680101000110426}
{"mlp": 2, "ok": true, "cb": 0.23930275679322222, "mse": 5.567903782023534e-08, "raw": 2.0105806600871514e-08, "adjusted": 4.811374947139918e-09, "all_layers": 1.281428084926097e-07, "wall": 94.57341623306274, "residual": 0.4613157189919548}
SUMMARY w1024_d16: 3/3 ok, raw 1.3984e-08, C/B max 0.2538, adjusted 3.4395e-09, residual max 0.474s, wall max 107.4s
