/home/user/thehonesttorus.github.io/notes/frontier/F1/../F1/est_incj.py:812: FlopscopeWarning: stats.norm.pdf promoted its float32 input to float64 to match scipy.stats. If float64 output was not intended, cast the result back with result.astype(np.float32) before downstream operations; float64 operations are billed at twice the float32 dtype rate.
  flops.stats.norm.pdf(v)
/home/user/thehonesttorus.github.io/notes/frontier/F1/../F1/est_incj.py:813: FlopscopeWarning: stats.norm.cdf promoted its float32 input to float64 to match scipy.stats. If float64 output was not intended, cast the result back with result.astype(np.float32) before downstream operations; float64 operations are billed at twice the float32 dtype rate.
  flops.stats.norm.cdf(v)
/home/user/thehonesttorus.github.io/notes/frontier/F1/../F1/est_incj.py:827: SymmetryLossWarning: Symmetry lost along dims (1, 2): slicing removed all symmetric dim groups. Use as_symmetric() to re-tag if you know the result is symmetric. Suppress with flops.configure(symmetry_warnings=False).
  fnp.einsum("tij,ti,tj,tg->gij", t3, t3[:, :, 0], t3[:, 0, :], g3)
/home/user/thehonesttorus.github.io/notes/frontier/F1/../F1/est_incj.py:828: SymmetryLossWarning: Symmetry lost along dims (1, 2): slicing removed all symmetric dim groups. Use as_symmetric() to re-tag if you know the result is symmetric. Suppress with flops.configure(symmetry_warnings=False).
  fnp.einsum("ti,ti,tg->gi", t3[:, :, 0], t3[:, :, 1], g3)
/home/user/thehonesttorus.github.io/notes/frontier/F1/../F1/est_incj.py:829: SymmetryLossWarning: Symmetry lost along dims (0, 1): slicing removed all symmetric dim groups. Use as_symmetric() to re-tag if you know the result is symmetric. Suppress with flops.configure(symmetry_warnings=False).
  fnp.einsum("iq,kqn->kin", m[:, :16], t3[:, :16, :])
/home/user/thehonesttorus.github.io/notes/frontier/F1/../F1/est_incj.py:829: SymmetryLossWarning: Symmetry lost along dims (1, 2): slicing removed all symmetric dim groups. Use as_symmetric() to re-tag if you know the result is symmetric. Suppress with flops.configure(symmetry_warnings=False).
  fnp.einsum("iq,kqn->kin", m[:, :16], t3[:, :16, :])
/home/user/thehonesttorus.github.io/notes/frontier/F1/../F1/est_incj.py:830: SymmetryLossWarning: Symmetry lost along dims (1, 2): slicing removed all symmetric dim groups. Use as_symmetric() to re-tag if you know the result is symmetric. Suppress with flops.configure(symmetry_warnings=False).
  fnp.einsum("ki,kc->ic", t3[:, :, 0], t3[:, :, 1])
/home/user/thehonesttorus.github.io/notes/frontier/F1/../F1/est_incj.py:832: SymmetryLossWarning: Symmetry lost along dims (1, 2): slicing removed all symmetric dim groups. Use as_symmetric() to re-tag if you know the result is symmetric. Suppress with flops.configure(symmetry_warnings=False).
  fnp.einsum("kij,kj->ki", t3, t3[:, 0, :])
/home/user/thehonesttorus.github.io/notes/frontier/F1/../F1/est_incj.py:833: SymmetryLossWarning: Symmetry lost along dims (1, 2): slicing removed all symmetric dim groups. Use as_symmetric() to re-tag if you know the result is symmetric. Suppress with flops.configure(symmetry_warnings=False).
  fnp.einsum("ki,ki->i", t3[:, :, 0], t3[:, :, 1])
/home/user/thehonesttorus.github.io/notes/frontier/F1/../F1/est_incj.py:834: SymmetryLossWarning: Symmetry lost along dims (1, 2): slicing removed all symmetric dim groups. Use as_symmetric() to re-tag if you know the result is symmetric. Suppress with flops.configure(symmetry_warnings=False).
  fnp.einsum("kij,kqj->iq", t3, t3[:, :16, :])
setup 0.05s
/home/user/thehonesttorus.github.io/notes/frontier/F1/../F1/est_incj.py:1298: FlopscopeWarning: stats.norm.pdf promoted its float32 input to float64 to match scipy.stats. If float64 output was not intended, cast the result back with result.astype(np.float32) before downstream operations; float64 operations are billed at twice the float32 dtype rate.
  phi = flops.stats.norm.pdf(alpha).astype(f32)
/home/user/thehonesttorus.github.io/notes/frontier/F1/../F1/est_incj.py:1299: FlopscopeWarning: stats.norm.cdf promoted its float32 input to float64 to match scipy.stats. If float64 output was not intended, cast the result back with result.astype(np.float32) before downstream operations; float64 operations are billed at twice the float32 dtype rate.
  Phi = flops.stats.norm.cdf(alpha).astype(f32)
{"mlp": 0, "ok": true, "cb": 0.2429144238894878, "mse": 7.192893108314504e-08, "raw": 2.820758347327467e-08, "adjusted": 6.8520288887251536e-09, "all_layers": 1.2940611560023373e-07, "wall": 78.19536471366882, "residual": 0.5719027389995972}
{"mlp": 1, "ok": true, "cb": 0.23190471723955852, "mse": 5.5066054609020893e-08, "raw": 1.2437313408587946e-08, "adjusted": 2.8842716492383574e-09, "all_layers": 1.1711249024412292e-07, "wall": 95.08308100700378, "residual": 0.5335095589925913}
{"mlp": 2, "ok": true, "cb": 0.23097130291444046, "mse": 6.313538678836412e-08, "raw": 2.7562155569000297e-08, "adjusted": 6.3660669829025e-09, "all_layers": 1.3096378771607988e-07, "wall": 90.23594117164612, "residual": 0.5737251150158045}
SUMMARY w1024_d16: 3/3 ok, raw 2.2736e-08, C/B max 0.2429, adjusted 5.3675e-09, residual max 0.574s, wall max 95.1s
