# n=128 seed=11 target z-layer 8: kappa3 rms 0.085; telescoping max err 1.4e-03; sum_s T_s - k3 rms 2.1e-04
  age(l-s) | T_s rms | T_s . k3 / |k3|^2 (share) | self kappa3(nu_s P) rms
         x | 0.0230 | +0.268 | 0.0003
         7 | 0.0116 | +0.135 | 0.0009
         6 | 0.0122 | +0.133 | 0.0020
         5 | 0.0094 | +0.102 | 0.0012
         4 | 0.0117 | +0.114 | 0.0025
         3 | 0.0098 | +0.096 | 0.0018
         2 | 0.0089 | +0.054 | 0.0022
         1 | 0.0118 | +0.097 | 0.0020
# n=128 seed=11 target z-layer 16: kappa3 rms 0.111; telescoping max err 8.0e-04; sum_s T_s - k3 rms 1.1e-04
  age(l-s) | T_s rms | T_s . k3 / |k3|^2 (share) | self kappa3(nu_s P) rms
         x | 0.0181 | +0.158 | 0.0001
        15 | 0.0089 | +0.078 | 0.0004
        14 | 0.0086 | +0.075 | 0.0005
        13 | 0.0073 | +0.064 | 0.0003
        12 | 0.0065 | +0.055 | 0.0005
        11 | 0.0098 | +0.083 | 0.0013
        10 | 0.0087 | +0.075 | 0.0007
         9 | 0.0086 | +0.073 | 0.0008
         8 | 0.0059 | +0.040 | 0.0008
         7 | 0.0144 | +0.119 | 0.0019
         6 | 0.0091 | +0.073 | 0.0009
         5 | 0.0058 | -0.019 | 0.0009
         4 | 0.0070 | +0.040 | 0.0008
         3 | 0.0080 | +0.054 | 0.0008
         2 | 0.0056 | +0.021 | 0.0005
         1 | 0.0049 | +0.011 | 0.0005
