/home/user/thehonesttorus.github.io/notes/frontier/est_feed.py:817: FlopscopeWarning: stats.norm.pdf promoted its float32 input to float64 to match scipy.stats. If float64 output was not intended, cast the result back with result.astype(np.float32) before downstream operations; float64 operations are billed at twice the float32 dtype rate.
  flops.stats.norm.pdf(v)
/home/user/thehonesttorus.github.io/notes/frontier/est_feed.py:818: FlopscopeWarning: stats.norm.cdf promoted its float32 input to float64 to match scipy.stats. If float64 output was not intended, cast the result back with result.astype(np.float32) before downstream operations; float64 operations are billed at twice the float32 dtype rate.
  flops.stats.norm.cdf(v)
/home/user/thehonesttorus.github.io/notes/frontier/est_feed.py:832: SymmetryLossWarning: Symmetry lost along dims (1, 2): slicing removed all symmetric dim groups. Use as_symmetric() to re-tag if you know the result is symmetric. Suppress with flops.configure(symmetry_warnings=False).
  fnp.einsum("tij,ti,tj,tg->gij", t3, t3[:, :, 0], t3[:, 0, :], g3)
/home/user/thehonesttorus.github.io/notes/frontier/est_feed.py:833: SymmetryLossWarning: Symmetry lost along dims (1, 2): slicing removed all symmetric dim groups. Use as_symmetric() to re-tag if you know the result is symmetric. Suppress with flops.configure(symmetry_warnings=False).
  fnp.einsum("ti,ti,tg->gi", t3[:, :, 0], t3[:, :, 1], g3)
/home/user/thehonesttorus.github.io/notes/frontier/est_feed.py:834: SymmetryLossWarning: Symmetry lost along dims (0, 1): slicing removed all symmetric dim groups. Use as_symmetric() to re-tag if you know the result is symmetric. Suppress with flops.configure(symmetry_warnings=False).
  fnp.einsum("iq,kqn->kin", m[:, :16], t3[:, :16, :])
/home/user/thehonesttorus.github.io/notes/frontier/est_feed.py:834: SymmetryLossWarning: Symmetry lost along dims (1, 2): slicing removed all symmetric dim groups. Use as_symmetric() to re-tag if you know the result is symmetric. Suppress with flops.configure(symmetry_warnings=False).
  fnp.einsum("iq,kqn->kin", m[:, :16], t3[:, :16, :])
/home/user/thehonesttorus.github.io/notes/frontier/est_feed.py:835: SymmetryLossWarning: Symmetry lost along dims (1, 2): slicing removed all symmetric dim groups. Use as_symmetric() to re-tag if you know the result is symmetric. Suppress with flops.configure(symmetry_warnings=False).
  fnp.einsum("ki,kc->ic", t3[:, :, 0], t3[:, :, 1])
/home/user/thehonesttorus.github.io/notes/frontier/est_feed.py:837: SymmetryLossWarning: Symmetry lost along dims (1, 2): slicing removed all symmetric dim groups. Use as_symmetric() to re-tag if you know the result is symmetric. Suppress with flops.configure(symmetry_warnings=False).
  fnp.einsum("kij,kj->ki", t3, t3[:, 0, :])
/home/user/thehonesttorus.github.io/notes/frontier/est_feed.py:838: SymmetryLossWarning: Symmetry lost along dims (1, 2): slicing removed all symmetric dim groups. Use as_symmetric() to re-tag if you know the result is symmetric. Suppress with flops.configure(symmetry_warnings=False).
  fnp.einsum("ki,ki->i", t3[:, :, 0], t3[:, :, 1])
/home/user/thehonesttorus.github.io/notes/frontier/est_feed.py:839: SymmetryLossWarning: Symmetry lost along dims (1, 2): slicing removed all symmetric dim groups. Use as_symmetric() to re-tag if you know the result is symmetric. Suppress with flops.configure(symmetry_warnings=False).
  fnp.einsum("kij,kqj->iq", t3, t3[:, :16, :])
setup 0.04s
/home/user/thehonesttorus.github.io/notes/frontier/est_feed.py:1303: FlopscopeWarning: stats.norm.pdf promoted its float32 input to float64 to match scipy.stats. If float64 output was not intended, cast the result back with result.astype(np.float32) before downstream operations; float64 operations are billed at twice the float32 dtype rate.
  phi = flops.stats.norm.pdf(alpha).astype(f32)
/home/user/thehonesttorus.github.io/notes/frontier/est_feed.py:1304: FlopscopeWarning: stats.norm.cdf promoted its float32 input to float64 to match scipy.stats. If float64 output was not intended, cast the result back with result.astype(np.float32) before downstream operations; float64 operations are billed at twice the float32 dtype rate.
  Phi = flops.stats.norm.cdf(alpha).astype(f32)
{"mlp": 0, "ok": true, "cb": 0.2447767346739056, "mse": 6.452374061437003e-08, "raw": 2.0802393004499657e-08, "adjusted": 5.091941833044722e-09, "all_layers": 1.2692964832426923e-07, "wall": 97.23199391365051, "residual": 0.5356455280057162}
{"mlp": 1, "ok": true, "cb": 0.22447408077914588, "mse": 4.3275352913414736e-08, "raw": 6.466117129817885e-10, "adjusted": 1.4514756989261587e-10, "all_layers": 1.1432113472170246e-07, "wall": 175.26899814605713, "residual": 0.6042744219739689}
{"mlp": 2, "ok": true, "cb": 0.22125912009414606, "mse": 5.5291623146010466e-08, "raw": 1.971839192664664e-08, "adjusted": 4.362874047361349e-09, "all_layers": 1.274891418199952e-07, "wall": 152.65870451927185, "residual": 0.6639859829906527}
{"mlp": 3, "ok": true, "cb": 0.22125912009414606, "mse": 4.3960177405323375e-08, "raw": 1.0909353376821518e-08, "adjusted": 2.41379392895163e-09, "all_layers": 1.1490026342711033e-07, "wall": 154.18279099464417, "residual": 0.5592350420160983}
{"mlp": 4, "ok": true, "cb": 0.22125912009414606, "mse": 6.432900549536934e-08, "raw": 2.873792102089981e-08, "adjusted": 6.358527118419356e-09, "all_layers": 1.3170887251248642e-07, "wall": 166.7141993045807, "residual": 0.6143423190246722}
{"mlp": 5, "ok": true, "cb": 0.22125912009414606, "mse": 5.3546957472634894e-08, "raw": 2.5654085679089984e-08, "adjusted": 5.676200424175283e-09, "all_layers": 1.0911244886829598e-07, "wall": 154.65311455726624, "residual": 0.5752921689581854}
SUMMARY w1024_d16: 6/6 ok, raw 1.7745e-08, C/B max 0.2448, adjusted 4.0081e-09, residual max 0.664s, wall max 175.3s
