/home/user/thehonesttorus.github.io/notes/frontier/pkg5/estimator.py:815: FlopscopeWarning: stats.norm.pdf promoted its float32 input to float64 to match scipy.stats. If float64 output was not intended, cast the result back with result.astype(np.float32) before downstream operations; float64 operations are billed at twice the float32 dtype rate.
  flops.stats.norm.pdf(v)
/home/user/thehonesttorus.github.io/notes/frontier/pkg5/estimator.py:816: FlopscopeWarning: stats.norm.cdf promoted its float32 input to float64 to match scipy.stats. If float64 output was not intended, cast the result back with result.astype(np.float32) before downstream operations; float64 operations are billed at twice the float32 dtype rate.
  flops.stats.norm.cdf(v)
/home/user/thehonesttorus.github.io/notes/frontier/pkg5/estimator.py:830: SymmetryLossWarning: Symmetry lost along dims (1, 2): slicing removed all symmetric dim groups. Use as_symmetric() to re-tag if you know the result is symmetric. Suppress with flops.configure(symmetry_warnings=False).
  fnp.einsum("tij,ti,tj,tg->gij", t3, t3[:, :, 0], t3[:, 0, :], g3)
/home/user/thehonesttorus.github.io/notes/frontier/pkg5/estimator.py:831: SymmetryLossWarning: Symmetry lost along dims (1, 2): slicing removed all symmetric dim groups. Use as_symmetric() to re-tag if you know the result is symmetric. Suppress with flops.configure(symmetry_warnings=False).
  fnp.einsum("ti,ti,tg->gi", t3[:, :, 0], t3[:, :, 1], g3)
/home/user/thehonesttorus.github.io/notes/frontier/pkg5/estimator.py:832: SymmetryLossWarning: Symmetry lost along dims (0, 1): slicing removed all symmetric dim groups. Use as_symmetric() to re-tag if you know the result is symmetric. Suppress with flops.configure(symmetry_warnings=False).
  fnp.einsum("iq,kqn->kin", m[:, :16], t3[:, :16, :])
/home/user/thehonesttorus.github.io/notes/frontier/pkg5/estimator.py:832: SymmetryLossWarning: Symmetry lost along dims (1, 2): slicing removed all symmetric dim groups. Use as_symmetric() to re-tag if you know the result is symmetric. Suppress with flops.configure(symmetry_warnings=False).
  fnp.einsum("iq,kqn->kin", m[:, :16], t3[:, :16, :])
/home/user/thehonesttorus.github.io/notes/frontier/pkg5/estimator.py:833: SymmetryLossWarning: Symmetry lost along dims (1, 2): slicing removed all symmetric dim groups. Use as_symmetric() to re-tag if you know the result is symmetric. Suppress with flops.configure(symmetry_warnings=False).
  fnp.einsum("ki,kc->ic", t3[:, :, 0], t3[:, :, 1])
/home/user/thehonesttorus.github.io/notes/frontier/pkg5/estimator.py:835: SymmetryLossWarning: Symmetry lost along dims (1, 2): slicing removed all symmetric dim groups. Use as_symmetric() to re-tag if you know the result is symmetric. Suppress with flops.configure(symmetry_warnings=False).
  fnp.einsum("kij,kj->ki", t3, t3[:, 0, :])
/home/user/thehonesttorus.github.io/notes/frontier/pkg5/estimator.py:836: SymmetryLossWarning: Symmetry lost along dims (1, 2): slicing removed all symmetric dim groups. Use as_symmetric() to re-tag if you know the result is symmetric. Suppress with flops.configure(symmetry_warnings=False).
  fnp.einsum("ki,ki->i", t3[:, :, 0], t3[:, :, 1])
/home/user/thehonesttorus.github.io/notes/frontier/pkg5/estimator.py:837: SymmetryLossWarning: Symmetry lost along dims (1, 2): slicing removed all symmetric dim groups. Use as_symmetric() to re-tag if you know the result is symmetric. Suppress with flops.configure(symmetry_warnings=False).
  fnp.einsum("kij,kqj->iq", t3, t3[:, :16, :])
setup 0.05s
/home/user/thehonesttorus.github.io/notes/frontier/pkg5/estimator.py:1301: FlopscopeWarning: stats.norm.pdf promoted its float32 input to float64 to match scipy.stats. If float64 output was not intended, cast the result back with result.astype(np.float32) before downstream operations; float64 operations are billed at twice the float32 dtype rate.
  phi = flops.stats.norm.pdf(alpha).astype(f32)
/home/user/thehonesttorus.github.io/notes/frontier/pkg5/estimator.py:1302: FlopscopeWarning: stats.norm.cdf promoted its float32 input to float64 to match scipy.stats. If float64 output was not intended, cast the result back with result.astype(np.float32) before downstream operations; float64 operations are billed at twice the float32 dtype rate.
  Phi = flops.stats.norm.cdf(alpha).astype(f32)
{"mlp": 0, "ok": true, "cb": 0.25769952971222665, "mse": 6.221177095779401e-08, "raw": 1.8490423347923635e-08, "adjusted": 4.764973400939896e-09, "all_layers": 1.2628232929977292e-07, "wall": 90.35481452941895, "residual": 0.48960678510593425}
{"mlp": 1, "ok": true, "cb": 0.24460843072938587, "mse": 4.4584618935452224e-08, "raw": 1.955877735019277e-09, "adjusted": 4.78424183461611e-10, "all_layers": 1.1431998164169835e-07, "wall": 109.17941117286682, "residual": 0.5041687698485475}
{"mlp": 2, "ok": true, "cb": 0.24320351758706238, "mse": 5.510311429640252e-08, "raw": 1.9529883077038695e-08, "adjusted": 4.7497362623998524e-09, "all_layers": 1.275377162623301e-07, "wall": 99.33916354179382, "residual": 0.5725543280132115}
{"mlp": 3, "ok": true, "cb": 0.24320351758706238, "mse": 4.484367701835655e-08, "raw": 1.179285298985469e-08, "adjusted": 2.8680633295197665e-09, "all_layers": 1.153118296985188e-07, "wall": 98.429372549057, "residual": 0.4651298569442588}
{"mlp": 4, "ok": true, "cb": 0.24320351758706238, "mse": 6.158810050446328e-08, "raw": 2.5997016029993757e-08, "adjusted": 6.3225657452617294e-09, "all_layers": 1.3136648374949019e-07, "wall": 100.32021617889404, "residual": 0.48837499997716805}
{"mlp": 5, "ok": true, "cb": 0.24320351758706238, "mse": 5.22199077746101e-08, "raw": 2.4327035981065192e-08, "adjusted": 5.916420723062087e-09, "all_layers": 1.0884695162485502e-07, "wall": 98.60496759414673, "residual": 0.4767770219932572}
SUMMARY w1024_d16: 6/6 ok, raw 1.7016e-08, C/B max 0.2577, adjusted 4.1834e-09, residual max 0.573s, wall max 109.2s
