
budget for the quenched remainder B_q = 5.0e-09 (bar = 1.5e-8); uniform eps would be 0.036
 k  price-share  eps_k(D21) |  r_k(A): remainder share of D21 energy, A=0/2/4/6  |  required delta_k = eps/sqrt(r), A=0/2/4/6
 1   0.009       0.101     |  0.000 0.000 0.000 0.000  |    -     -     -     -  
 2   0.017       0.074     |  0.213 0.000 0.000 0.000  |   0.16   -     -     -  
 3   0.029       0.057     |  0.235 0.000 0.000 0.000  |   0.12   -     -     -  
 4   0.042       0.047     |  0.228 0.032 0.000 0.000  |   0.10  0.27   -     -  
 5   0.057       0.041     |  0.227 0.048 0.000 0.000  |   0.09  0.19   -     -  
 6   0.074       0.036     |  0.223 0.060 0.008 0.000  |   0.08  0.15  0.39   -  
 7   0.091       0.032     |  0.207 0.066 0.014 0.000  |   0.07  0.13  0.27   -  
 8   0.107       0.030     |  0.198 0.072 0.020 0.003  |   0.07  0.11  0.21  0.58
 9   0.121       0.028     |  0.181 0.073 0.024 0.005  |   0.07  0.10  0.18  0.39
10   0.116       0.029     |  0.177 0.078 0.029 0.008  |   0.07  0.10  0.17  0.32
11   0.102       0.031     |  0.164 0.077 0.032 0.010  |   0.08  0.11  0.17  0.30
12   0.099       0.031     |  0.156 0.079 0.035 0.013  |   0.08  0.11  0.16  0.27
13   0.085       0.033     |  0.145 0.077 0.036 0.015  |   0.09  0.12  0.17  0.27
14   0.049       0.044     |  0.137 0.076 0.039 0.018  |   0.12  0.16  0.22  0.33

budget for the quenched remainder B_q = 1.5e-08 (bar = 1.5e-8); uniform eps would be 0.063
 k  price-share  eps_k(D21) |  r_k(A): remainder share of D21 energy, A=0/2/4/6  |  required delta_k = eps/sqrt(r), A=0/2/4/6
 1   0.009       0.175     |  0.000 0.000 0.000 0.000  |    -     -     -     -  
 2   0.017       0.128     |  0.213 0.000 0.000 0.000  |   0.28   -     -     -  
 3   0.029       0.099     |  0.235 0.000 0.000 0.000  |   0.20   -     -     -  
 4   0.042       0.082     |  0.228 0.032 0.000 0.000  |   0.17  0.46   -     -  
 5   0.057       0.071     |  0.227 0.048 0.000 0.000  |   0.15  0.32   -     -  
 6   0.074       0.062     |  0.223 0.060 0.008 0.000  |   0.13  0.25  0.68   -  
 7   0.091       0.056     |  0.207 0.066 0.014 0.000  |   0.12  0.22  0.47   -  
 8   0.107       0.051     |  0.198 0.072 0.020 0.003  |   0.12  0.19  0.37  1.00
 9   0.121       0.049     |  0.181 0.073 0.024 0.005  |   0.11  0.18  0.32  0.68
10   0.116       0.050     |  0.177 0.078 0.029 0.008  |   0.12  0.18  0.29  0.56
11   0.102       0.053     |  0.164 0.077 0.032 0.010  |   0.13  0.19  0.30  0.52
12   0.099       0.054     |  0.156 0.079 0.035 0.013  |   0.14  0.19  0.29  0.46
13   0.085       0.058     |  0.145 0.077 0.036 0.015  |   0.15  0.21  0.30  0.47
14   0.049       0.076     |  0.137 0.076 0.039 0.018  |   0.21  0.28  0.39  0.58
