w1024_d16 (region): n=1024 L=16 MLPs=3  log(meas/pred) K_mean: mean +0.03 rms 0.19 | K_off: mean -0.00 rms 0.18
   l= 0  Kmean pred 0.027 meas 0.023 0.027 0.028   Koff pred 2.50e-08 meas 2.55e-08 1.83e-08 3.10e-08
   l= 1  Kmean pred 0.044 meas 0.041 0.036 0.040   Koff pred 4.92e-08 meas 7.40e-08 7.27e-08 6.05e-08
   l= 2  Kmean pred 0.066 meas 0.063 0.085 0.147   Koff pred 8.51e-08 meas 8.64e-08 1.07e-07 6.67e-08
   l= 3  Kmean pred 0.094 meas 0.109 0.123 0.072   Koff pred 1.34e-07 meas 1.82e-07 1.63e-07 1.25e-07
   l= 4  Kmean pred 0.127 meas 0.122 0.143 0.086   Koff pred 1.98e-07 meas 2.29e-07 2.34e-07 1.71e-07
   l= 5  Kmean pred 0.167 meas 0.171 0.184 0.196   Koff pred 2.76e-07 meas 2.72e-07 3.17e-07 2.36e-07
   l= 6  Kmean pred 0.213 meas 0.236 0.239 0.197   Koff pred 3.66e-07 meas 4.37e-07 3.87e-07 3.01e-07
   l= 7  Kmean pred 0.266 meas 0.367 0.254 0.222   Koff pred 4.65e-07 meas 5.41e-07 4.76e-07 3.85e-07
   l= 8  Kmean pred 0.327 meas 0.379 0.373 0.310   Koff pred 5.65e-07 meas 6.04e-07 4.35e-07 4.86e-07
   l= 9  Kmean pred 0.396 meas 0.386 0.353 0.426   Koff pred 6.58e-07 meas 6.15e-07 6.93e-07 5.35e-07
   l=10  Kmean pred 0.473 meas 0.509 0.430 0.415   Koff pred 7.30e-07 meas 7.01e-07 7.49e-07 6.93e-07
   l=11  Kmean pred 0.559 meas 0.692 0.491 0.523   Koff pred 7.65e-07 meas 7.58e-07 7.08e-07 6.95e-07
   l=12  Kmean pred 0.654 meas 0.704 0.694 0.717   Koff pred 7.40e-07 meas 6.27e-07 7.42e-07 7.92e-07
   l=13  Kmean pred 0.759 meas 0.665 0.781 0.815   Koff pred 6.28e-07 meas 4.72e-07 5.15e-07 6.36e-07
   l=14  Kmean pred 0.874 meas 0.923 1.017 0.795   Koff pred 3.94e-07 meas 2.93e-07 3.79e-07 4.72e-07
   l=14  Kmean pred 0.874 meas 0.923 1.017 0.795   Koff pred 3.94e-07 meas 2.93e-07 3.79e-07 4.72e-07
w512_d16: n=512 L=16 MLPs=1  log(meas/pred) K_mean: mean +0.05 rms 0.24 | K_off: mean +0.16 rms 0.28
   l= 0  Kmean pred 0.027 meas 0.021   Koff pred 9.98e-08 meas 8.51e-08
   l= 1  Kmean pred 0.044 meas 0.084   Koff pred 1.97e-07 meas 3.96e-07
   l= 2  Kmean pred 0.066 meas 0.084   Koff pred 3.40e-07 meas 2.75e-07
   l= 3  Kmean pred 0.094 meas 0.104   Koff pred 5.38e-07 meas 5.38e-07
   l= 4  Kmean pred 0.127 meas 0.120   Koff pred 7.93e-07 meas 8.03e-07
   l= 5  Kmean pred 0.167 meas 0.110   Koff pred 1.10e-06 meas 1.61e-06
   l= 6  Kmean pred 0.213 meas 0.214   Koff pred 1.46e-06 meas 1.58e-06
   l= 7  Kmean pred 0.266 meas 0.272   Koff pred 1.86e-06 meas 2.09e-06
   l= 8  Kmean pred 0.327 meas 0.352   Koff pred 2.26e-06 meas 3.47e-06
   l= 9  Kmean pred 0.396 meas 0.487   Koff pred 2.63e-06 meas 3.05e-06
   l=10  Kmean pred 0.473 meas 0.448   Koff pred 2.92e-06 meas 3.56e-06
   l=11  Kmean pred 0.559 meas 0.509   Koff pred 3.06e-06 meas 2.85e-06
   l=12  Kmean pred 0.654 meas 0.725   Koff pred 2.96e-06 meas 3.69e-06
   l=13  Kmean pred 0.759 meas 0.925   Koff pred 2.51e-06 meas 2.86e-06
   l=14  Kmean pred 0.874 meas 0.935   Koff pred 1.58e-06 meas 2.29e-06
   l=14  Kmean pred 0.874 meas 0.935   Koff pred 1.58e-06 meas 2.29e-06
w256_d32: n=256 L=32 MLPs=2  log(meas/pred) K_mean: mean +0.14 rms 0.76 | K_off: mean +0.18 rms 0.53
   l= 0  Kmean pred 0.006 meas 0.003 0.012   Koff pred 9.37e-08 meas 3.67e-08 2.46e-07
   l= 3  Kmean pred 0.020 meas 0.067 0.319   Koff pred 5.79e-07 meas 1.73e-06 7.74e-07
   l= 6  Kmean pred 0.044 meas 0.083 0.197   Koff pred 1.89e-06 meas 1.35e-06 1.27e-06
   l= 9  Kmean pred 0.082 meas 0.029 0.090   Koff pred 4.50e-06 meas 4.69e-06 4.46e-06
   l=12  Kmean pred 0.136 meas 0.200 0.227   Koff pred 8.77e-06 meas 1.13e-05 1.10e-05
   l=15  Kmean pred 0.208 meas 0.262 0.216   Koff pred 1.47e-05 meas 2.08e-05 1.75e-05
   l=18  Kmean pred 0.301 meas 0.194 0.326   Koff pred 2.18e-05 meas 3.81e-05 2.95e-05
   l=21  Kmean pred 0.417 meas 0.490 0.266   Koff pred 2.86e-05 meas 4.41e-05 2.62e-05
   l=24  Kmean pred 0.558 meas 0.569 0.377   Koff pred 3.23e-05 meas 6.63e-05 4.47e-05
   l=27  Kmean pred 0.727 meas 0.602 0.746   Koff pred 2.85e-05 meas 6.62e-05 2.79e-05
   l=30  Kmean pred 0.926 meas 0.963 0.796   Koff pred 1.06e-05 meas 3.10e-05 1.20e-05
   l=30  Kmean pred 0.926 meas 0.963 0.796   Koff pred 1.06e-05 meas 3.10e-05 1.20e-05
w128_d16: n=128 L=16 MLPs=1  log(meas/pred) K_mean: mean +0.15 rms 0.73 | K_off: mean -0.00 rms 0.38
   l= 0  Kmean pred 0.027 meas 0.155   Koff pred 1.60e-06 meas 2.32e-06
   l= 1  Kmean pred 0.044 meas 0.021   Koff pred 3.15e-06 meas 4.53e-06
   l= 2  Kmean pred 0.066 meas 0.139   Koff pred 5.45e-06 meas 1.17e-05
   l= 3  Kmean pred 0.094 meas 0.053   Koff pred 8.61e-06 meas 5.30e-06
   l= 4  Kmean pred 0.127 meas 0.065   Koff pred 1.27e-05 meas 6.05e-06
   l= 5  Kmean pred 0.167 meas 0.396   Koff pred 1.77e-05 meas 1.55e-05
   l= 6  Kmean pred 0.213 meas 0.473   Koff pred 2.34e-05 meas 1.61e-05
   l= 7  Kmean pred 0.266 meas 0.130   Koff pred 2.97e-05 meas 5.18e-05
   l= 8  Kmean pred 0.327 meas 0.619   Koff pred 3.61e-05 meas 2.87e-05
   l= 9  Kmean pred 0.396 meas 0.687   Koff pred 4.21e-05 meas 4.12e-05
   l=10  Kmean pred 0.473 meas 0.365   Koff pred 4.67e-05 meas 4.35e-05
   l=11  Kmean pred 0.559 meas 0.376   Koff pred 4.89e-05 meas 5.44e-05
   l=12  Kmean pred 0.654 meas 0.688   Koff pred 4.73e-05 meas 4.12e-05
   l=13  Kmean pred 0.759 meas 1.007   Koff pred 4.02e-05 meas 4.17e-05
   l=14  Kmean pred 0.874 meas 0.809   Koff pred 2.52e-05 meas 2.40e-05
   l=14  Kmean pred 0.874 meas 0.809   Koff pred 2.52e-05 meas 2.40e-05
