Packaging folder 
/home/user/thehonesttorus.github.io/notes/streams/submission/bundles/v25/ → 
/home/user/thehonesttorus.github.io/notes/streams/submission/packages/v25.tar.gz
Everything in this folder will be submitted, except .gitignore / .whestignore 
matches and credential files (excluded for security).
Submitting 2 files (65.3 KB):
  LICENSE  (1.0 KB)
  estimator.py  (64.3 KB)
⠋ Packaging ━━━━━━━━━━━━╸                          22.5/67.9 kB 2.3 MB/s 0:00:01
✓ Wrote 
/home/user/thehonesttorus.github.io/notes/streams/submission/packages/v25.tar.gz
in 18ms (21.9 KB)
╭──────────────────────────── Packaged Submission ─────────────────────────────╮
│ Command: package                                                             │
│ Status: success                                                              │
│ ╭──────────────────────────────── Artifact ────────────────────────────────╮ │
│ │ ┌──────┬───────────────────────────────────────────────────────────────┐ │ │
│ │ │ Path │ /home/user/thehonesttorus.github.io/notes/streams/submission/ │ │ │
│ │ │      │ packages/v25.tar.gz                                           │ │ │
│ │ └──────┴───────────────────────────────────────────────────────────────┘ │ │
│ ╰──────────────────────────────────────────────────────────────────────────╯ │
╰──────────────────────────────────────────────────────────────────────────────╯
Next: `whest submit 
/home/user/thehonesttorus.github.io/notes/streams/submission/packages/v25.tar.gz
` (or `whest submit --estimator estimator.py`)
