Packaging folder 
/home/user/thehonesttorus.github.io/notes/streams/submission/bundles/v29r3/ → 
/home/user/thehonesttorus.github.io/notes/streams/submission/packages/v29r3.tar.
gz
Everything in this folder will be submitted, except .gitignore / .whestignore 
matches and credential files (excluded for security).
Submitting 2 files (99.4 KB):
  LICENSE  (1.0 KB)
  estimator.py  (98.4 KB)
⠋ Packaging ━━━━━━━━━━━╸                          32.6/102.8 kB 2.7 MB/s 0:00:01
✓ Wrote 
/home/user/thehonesttorus.github.io/notes/streams/submission/packages/v29r3.tar.
gz in 18ms (31.8 KB)
╭──────────────────────────── Packaged Submission ─────────────────────────────╮
│ Command: package                                                             │
│ Status: success                                                              │
│ ╭──────────────────────────────── Artifact ────────────────────────────────╮ │
│ │ ┌──────┬───────────────────────────────────────────────────────────────┐ │ │
│ │ │ Path │ /home/user/thehonesttorus.github.io/notes/streams/submission/ │ │ │
│ │ │      │ packages/v29r3.tar.gz                                         │ │ │
│ │ └──────┴───────────────────────────────────────────────────────────────┘ │ │
│ ╰──────────────────────────────────────────────────────────────────────────╯ │
╰──────────────────────────────────────────────────────────────────────────────╯
Next: `whest submit 
/home/user/thehonesttorus.github.io/notes/streams/submission/packages/v29r3.tar.
gz` (or `whest submit --estimator estimator.py`)
