w256_d32 mlp 0: n=256 L=32
 a   PR/n   k90/n  k99/n  top-share   (means over s)   n/(2(a+1))/n
 1  0.499  0.511  0.771  0.015      0.250
 2  0.251  0.283  0.477  0.033      0.167
 3  0.166  0.200  0.364  0.052      0.125
 4  0.124  0.155  0.294  0.071      0.100
 5  0.099  0.126  0.247  0.088      0.083
 6  0.082  0.106  0.214  0.104      0.071
 8  0.059  0.081  0.167  0.143      0.056
12  0.036  0.054  0.116  0.236      0.038
16  0.023  0.039  0.086  0.343      0.029
20  0.014  0.029  0.066  0.486      0.024
24  0.009  0.021  0.053  0.646      0.020
28  0.007  0.014  0.042  0.763      0.017
31  0.006  0.008  0.031  0.830      0.016
  fit PR ~ a^-p over ages 2-8: p = 1.04
  fit PR ~ a^-p over ages 8-31: p = 1.76
  fit k90 ~ a^-p over ages 2-8: p = 0.90
  fit k90 ~ a^-p over ages 8-31: p = 1.33
  fit k99 ~ a^-p over ages 2-8: p = 0.76
  fit k99 ~ a^-p over ages 8-31: p = 1.09
