/home/user/thehonesttorus.github.io/notes/fresh-slate/bench/../../frontier/F2/estimator_f2.py:820: FlopscopeWarning: stats.norm.pdf promoted its float32 input to float64 to match scipy.stats. If float64 output was not intended, cast the result back with result.astype(np.float32) before downstream operations; float64 operations are billed at twice the float32 dtype rate.
  flops.stats.norm.pdf(v)
/home/user/thehonesttorus.github.io/notes/fresh-slate/bench/../../frontier/F2/estimator_f2.py:821: FlopscopeWarning: stats.norm.cdf promoted its float32 input to float64 to match scipy.stats. If float64 output was not intended, cast the result back with result.astype(np.float32) before downstream operations; float64 operations are billed at twice the float32 dtype rate.
  flops.stats.norm.cdf(v)
/home/user/thehonesttorus.github.io/notes/fresh-slate/bench/../../frontier/F2/estimator_f2.py:835: SymmetryLossWarning: Symmetry lost along dims (1, 2): slicing removed all symmetric dim groups. Use as_symmetric() to re-tag if you know the result is symmetric. Suppress with flops.configure(symmetry_warnings=False).
  fnp.einsum("tij,ti,tj,tg->gij", t3, t3[:, :, 0], t3[:, 0, :], g3)
/home/user/thehonesttorus.github.io/notes/fresh-slate/bench/../../frontier/F2/estimator_f2.py:836: SymmetryLossWarning: Symmetry lost along dims (1, 2): slicing removed all symmetric dim groups. Use as_symmetric() to re-tag if you know the result is symmetric. Suppress with flops.configure(symmetry_warnings=False).
  fnp.einsum("ti,ti,tg->gi", t3[:, :, 0], t3[:, :, 1], g3)
/home/user/thehonesttorus.github.io/notes/fresh-slate/bench/../../frontier/F2/estimator_f2.py:837: SymmetryLossWarning: Symmetry lost along dims (0, 1): slicing removed all symmetric dim groups. Use as_symmetric() to re-tag if you know the result is symmetric. Suppress with flops.configure(symmetry_warnings=False).
  fnp.einsum("iq,kqn->kin", m[:, :16], t3[:, :16, :])
/home/user/thehonesttorus.github.io/notes/fresh-slate/bench/../../frontier/F2/estimator_f2.py:837: SymmetryLossWarning: Symmetry lost along dims (1, 2): slicing removed all symmetric dim groups. Use as_symmetric() to re-tag if you know the result is symmetric. Suppress with flops.configure(symmetry_warnings=False).
  fnp.einsum("iq,kqn->kin", m[:, :16], t3[:, :16, :])
/home/user/thehonesttorus.github.io/notes/fresh-slate/bench/../../frontier/F2/estimator_f2.py:838: SymmetryLossWarning: Symmetry lost along dims (1, 2): slicing removed all symmetric dim groups. Use as_symmetric() to re-tag if you know the result is symmetric. Suppress with flops.configure(symmetry_warnings=False).
  fnp.einsum("ki,kc->ic", t3[:, :, 0], t3[:, :, 1])
/home/user/thehonesttorus.github.io/notes/fresh-slate/bench/../../frontier/F2/estimator_f2.py:840: SymmetryLossWarning: Symmetry lost along dims (1, 2): slicing removed all symmetric dim groups. Use as_symmetric() to re-tag if you know the result is symmetric. Suppress with flops.configure(symmetry_warnings=False).
  fnp.einsum("kij,kj->ki", t3, t3[:, 0, :])
/home/user/thehonesttorus.github.io/notes/fresh-slate/bench/../../frontier/F2/estimator_f2.py:841: SymmetryLossWarning: Symmetry lost along dims (1, 2): slicing removed all symmetric dim groups. Use as_symmetric() to re-tag if you know the result is symmetric. Suppress with flops.configure(symmetry_warnings=False).
  fnp.einsum("ki,ki->i", t3[:, :, 0], t3[:, :, 1])
/home/user/thehonesttorus.github.io/notes/fresh-slate/bench/../../frontier/F2/estimator_f2.py:842: SymmetryLossWarning: Symmetry lost along dims (1, 2): slicing removed all symmetric dim groups. Use as_symmetric() to re-tag if you know the result is symmetric. Suppress with flops.configure(symmetry_warnings=False).
  fnp.einsum("kij,kqj->iq", t3, t3[:, :16, :])
setup 0.05s
/home/user/thehonesttorus.github.io/notes/fresh-slate/bench/../../frontier/F2/estimator_f2.py:1416: FlopscopeWarning: stats.norm.pdf promoted its float32 input to float64 to match scipy.stats. If float64 output was not intended, cast the result back with result.astype(np.float32) before downstream operations; float64 operations are billed at twice the float32 dtype rate.
  phi = flops.stats.norm.pdf(alpha).astype(f32)
/home/user/thehonesttorus.github.io/notes/fresh-slate/bench/../../frontier/F2/estimator_f2.py:1417: FlopscopeWarning: stats.norm.cdf promoted its float32 input to float64 to match scipy.stats. If float64 output was not intended, cast the result back with result.astype(np.float32) before downstream operations; float64 operations are billed at twice the float32 dtype rate.
  Phi = flops.stats.norm.cdf(alpha).astype(f32)
{"mlp": 0, "ok": true, "cb": 0.25063684481301607, "mse": 6.499631767944979e-08, "raw": 2.1274970069579416e-08, "adjusted": 5.332291371730737e-09, "all_layers": 1.2746645575213966e-07, "wall": 75.25446248054504, "residual": 0.49246415703191815}
{"mlp": 1, "ok": true, "cb": 0.2375673106043905, "mse": 4.946653071655539e-08, "raw": 6.8377895161224405e-09, "adjusted": 1.6244352658241049e-09, "all_layers": 1.15653466410751e-07, "wall": 105.40263104438782, "residual": 0.516787931998806}
{"mlp": 2, "ok": true, "cb": 0.23616239746206702, "mse": 5.866193310380081e-08, "raw": 2.3088701884436986e-08, "adjusted": 5.452683191315583e-09, "all_layers": 1.2897218272693376e-07, "wall": 95.83470034599304, "residual": 0.5017900310108416}
SUMMARY w1024_d16: 3/3 ok, raw 1.7067e-08, C/B max 0.2506, adjusted 4.1365e-09, residual max 0.517s, wall max 105.4s
